// Jest Snapshot v1, https://goo.gl/fbAQLP

exports[`default setup 1`] = `
Object {
  "Parameters": Object {
    "AssetParameters4c20502c8ee54d52fa9b2e8f0251e77c489e44933dcde320ab40ffdf3a0ad8b0ArtifactHashD7FD838A": Object {
      "Description": "Artifact hash for asset \\"4c20502c8ee54d52fa9b2e8f0251e77c489e44933dcde320ab40ffdf3a0ad8b0\\"",
      "Type": "String",
    },
    "AssetParameters4c20502c8ee54d52fa9b2e8f0251e77c489e44933dcde320ab40ffdf3a0ad8b0S3Bucket7A9635D5": Object {
      "Description": "S3 bucket for asset \\"4c20502c8ee54d52fa9b2e8f0251e77c489e44933dcde320ab40ffdf3a0ad8b0\\"",
      "Type": "String",
    },
    "AssetParameters4c20502c8ee54d52fa9b2e8f0251e77c489e44933dcde320ab40ffdf3a0ad8b0S3VersionKeyD76530F8": Object {
      "Description": "S3 key for asset version \\"4c20502c8ee54d52fa9b2e8f0251e77c489e44933dcde320ab40ffdf3a0ad8b0\\"",
      "Type": "String",
    },
  },
  "Resources": Object {
    "CustomDynamodbSeederCustomResourceProviderHandler904BFFD4": Object {
      "DependsOn": Array [
        "CustomDynamodbSeederCustomResourceProviderRoleB3FCC5E2",
      ],
      "Properties": Object {
        "Code": Object {
          "S3Bucket": Object {
            "Ref": "AssetParameters4c20502c8ee54d52fa9b2e8f0251e77c489e44933dcde320ab40ffdf3a0ad8b0S3Bucket7A9635D5",
          },
          "S3Key": Object {
            "Fn::Join": Array [
              "",
              Array [
                Object {
                  "Fn::Select": Array [
                    0,
                    Object {
                      "Fn::Split": Array [
                        "||",
                        Object {
                          "Ref": "AssetParameters4c20502c8ee54d52fa9b2e8f0251e77c489e44933dcde320ab40ffdf3a0ad8b0S3VersionKeyD76530F8",
                        },
                      ],
                    },
                  ],
                },
                Object {
                  "Fn::Select": Array [
                    1,
                    Object {
                      "Fn::Split": Array [
                        "||",
                        Object {
                          "Ref": "AssetParameters4c20502c8ee54d52fa9b2e8f0251e77c489e44933dcde320ab40ffdf3a0ad8b0S3VersionKeyD76530F8",
                        },
                      ],
                    },
                  ],
                },
              ],
            ],
          },
        },
        "Handler": "__entrypoint__.handler",
        "MemorySize": 128,
        "Role": Object {
          "Fn::GetAtt": Array [
            "CustomDynamodbSeederCustomResourceProviderRoleB3FCC5E2",
            "Arn",
          ],
        },
        "Runtime": "nodejs12.x",
        "Timeout": 900,
      },
      "Type": "AWS::Lambda::Function",
    },
    "CustomDynamodbSeederCustomResourceProviderRoleB3FCC5E2": Object {
      "Properties": Object {
        "AssumeRolePolicyDocument": Object {
          "Statement": Array [
            Object {
              "Action": "sts:AssumeRole",
              "Effect": "Allow",
              "Principal": Object {
                "Service": "lambda.amazonaws.com",
              },
            },
          ],
          "Version": "2012-10-17",
        },
        "ManagedPolicyArns": Array [
          Object {
            "Fn::Sub": "arn:\${AWS::Partition}:iam::aws:policy/service-role/AWSLambdaBasicExecutionRole",
          },
        ],
        "Policies": Array [
          Object {
            "PolicyDocument": Object {
              "Statement": Array [
                Object {
                  "Action": Array [
                    "dynamodb:BatchWriteItem",
                  ],
                  "Effect": "Allow",
                  "Resource": Object {
                    "Fn::GetAtt": Array [
                      "TableCD117FA1",
                      "Arn",
                    ],
                  },
                },
              ],
              "Version": "2012-10-17",
            },
            "PolicyName": "Inline",
          },
        ],
      },
      "Type": "AWS::IAM::Role",
    },
    "DynamoDBSeederCustomResourceEF4D5C60": Object {
      "DeletionPolicy": "Delete",
      "Properties": Object {
        "Seeds": Object {
          "InlineSeeds": "[{\\"id\\":1,\\"column\\":\\"foo\\"},{\\"id\\":2,\\"column\\":\\"bar\\"}]",
        },
        "ServiceToken": Object {
          "Fn::GetAtt": Array [
            "CustomDynamodbSeederCustomResourceProviderHandler904BFFD4",
            "Arn",
          ],
        },
        "TableName": Object {
          "Ref": "TableCD117FA1",
        },
      },
      "Type": "Custom::DynamodbSeeder",
      "UpdateReplacePolicy": "Delete",
    },
    "TableCD117FA1": Object {
      "DeletionPolicy": "Retain",
      "Properties": Object {
        "AttributeDefinitions": Array [
          Object {
            "AttributeName": "id",
            "AttributeType": "N",
          },
        ],
        "KeySchema": Array [
          Object {
            "AttributeName": "id",
            "KeyType": "HASH",
          },
        ],
        "ProvisionedThroughput": Object {
          "ReadCapacityUnits": 5,
          "WriteCapacityUnits": 5,
        },
      },
      "Type": "AWS::DynamoDB::Table",
      "UpdateReplacePolicy": "Retain",
    },
  },
}
`;
